[
  {
    content: {
      value: "text before",
      plainTextValue: "text before",
      isTrusted: false,
      supportThemeIcons: false,
      supportHtml: false
    },
    kind: "markdownContent"
  },
  {
    inlineReference: URI(https://microsoft.com/),
    kind: "inlineReference"
  },
  {
    content: {
      value: "text after",
      plainTextValue: "text after",
      isTrusted: false,
      supportThemeIcons: false,
      supportHtml: false
    },
    kind: "markdownContent"
  }
]